Camera make          : QCOM-AA
Camera model         : QCAM-AA
Software             : IMX230-S-21
Bits per sample      : 8
XResolution          : 72.0
YResolution          : 72.0
ResolutionUnit       : 2
Image width          : 3672
Image height         : 4896
Image orientation    : 1
Image date/time      : 2016:02:16 14:01:15
Original date/time   : 2016:02:16 14:01:15
Digitize date/time   : 2016:02:16 14:01:15
Subsecond time       : 728730
Exposure time        : 1/573 s
F-stop               : f/2.2
Exposure program     : 0
Exposure mode        : 0
ISO speed            : 50
Flash used?          : 0
Flash returned light : 0
Flash mode           : 2
Metering mode        : 2
Lens focal length    : 4.750000 mm
35mm focal length    : 27 mm
GPS Latitude         : 49.214214 deg (49.000000 deg, 12.000000 min, 51.170000 sec N)
GPS Longitude        : 11.461042 deg (11.000000 deg, 27.000000 min, 39.750000 sec E)
GPS Altitude         : 491.000000 m
