Bits per sample      : 8
XResolution          : 28.0
YResolution          : 28.0
ResolutionUnit       : 3
Image orientation    : 4
Exposure program     : 0
Metering mode        : 0
