Bits per sample      : 8
XResolution          : 96.0
YResolution          : 96.0
ResolutionUnit       : 2
Exposure program     : 0
Metering mode        : 0
Lens min focal length: 10.000000 mm
Lens max focal length: 400.000000 mm
Lens f-stop min      : f/1.1
Lens f-stop max      : f/1.2
Lens make            : Lens Maker Inc.
Lens model           : Lens Model mk I
