Camera make          : Canon
Camera model         : S40
Bits per sample      : 8
XResolution          : 180.0
YResolution          : 180.0
ResolutionUnit       : 2
Color space          : 1
Image width          : 2272
Image height         : 1704
Image orientation    : 1
Image date/time      : 2003:12:14 12:01:44
Original date/time   : 2003:12:14 12:01:44
Digitize date/time   : 2003:12:14 12:01:44
Exposure time        : 1/500 s
F-stop               : f/4.9
Exposure program     : 0
Exposure mode        : 0
Exposure bias        : 0.000000 EV
Flash used?          : 0
Flash returned light : 0
Flash mode           : 3
Metering mode        : 2
Lens focal length    : 21.300000 mm
Focal plane XRes     : 8114.285714
Focal plane YRes     : 8114.285714
