Camera make          : XIAOMI
Camera model         : MI3
Software             : 
Bits per sample      : 8
XResolution          : 72.0
YResolution          : 72.0
ResolutionUnit       : 2
Color space          : 1
White balance        : 0
Image width          : 4208
Image height         : 3120
Image description    : 
Image orientation    : 1
Image copyright      : 
Image date/time      : 2015:02:28 17:10:49
Original date/time   : 2015:02:28 17:10:49
Digitize date/time   : 2015:02:28 17:10:49
Exposure time        : 1/20 s
F-stop               : f/2.2
Exposure program     : 2
Exposure mode        : 0
ISO speed            : 250
Subject distance     : 0.000000 m
Exposure bias        : 0.000000 EV
Flash used?          : 1
Flash returned light : 0
Flash mode           : 1
Metering mode        : 2
Lens focal length    : 3.510000 mm
