Camera make          : SONY
Camera model         : ILCE-6000
Software             : ILCE-6000 v1.00
Bits per sample      : 8
XResolution          : 350.0
YResolution          : 350.0
ResolutionUnit       : 2
Color space          : 1
Image width          : 6000
Image height         : 4000
Image description    :                                
Image orientation    : 1
Image date/time      : 2014:04:18 20:33:53
Original date/time   : 2014:04:18 20:33:53
Digitize date/time   : 2014:04:18 20:33:53
Exposure time        : 1/0 s
F-stop               : f/8.0
Exposure program     : 1
Exposure mode        : 1
ISO speed            : 100
Exposure bias        : 0.000000 EV
Flash used?          : 0
Flash returned light : 0
Flash mode           : 2
Metering mode        : 5
Lens focal length    : 22.000000 mm
35mm focal length    : 33 mm
Lens min focal length: 16.000000 mm
Lens max focal length: 50.000000 mm
Lens f-stop min      : f/3.5
Lens f-stop max      : f/5.6
Lens model           : E PZ 16-50mm F3.5-5.6 OSS
