Camera make          : Apple
Camera model         : iPhone 4S
Software             : 6.1
Bits per sample      : 8
XResolution          : 72.0
YResolution          : 72.0
ResolutionUnit       : 2
Color space          : 1
Image width          : 3264
Image height         : 2448
Image orientation    : 1
Image date/time      : 2013:02:06 16:00:03
Original date/time   : 2013:02:06 16:00:03
Digitize date/time   : 2013:02:06 16:00:03
Exposure time        : 1/4608 s
F-stop               : f/2.4
Exposure program     : 2
Exposure mode        : 0
ISO speed            : 50
Flash used?          : 0
Flash returned light : 0
Flash mode           : 0
Metering mode        : 5
Lens focal length    : 4.280000 mm
35mm focal length    : 35 mm
GPS Latitude         : 37.885000 deg (37.000000 deg, 53.100000 min, 0.000000 sec N)
GPS Longitude        : -122.622500 deg (122.000000 deg, 37.350000 min, 0.000000 sec W)
GPS Altitude         : 122.000000 m
