Camera make          : Apple
Camera model         : iPhone 4S
Software             : 6.0.1
Bits per sample      : 8
XResolution          : 72.0
YResolution          : 72.0
ResolutionUnit       : 2
Color space          : 1
White balance        : 0
Image width          : 1319
Image height         : 1040
Image orientation    : 1
Image date/time      : 2012:12:23 14:47:49
Original date/time   : 2012:12:23 14:47:49
Digitize date/time   : 2012:12:23 14:47:49
Exposure time        : 1/120 s
F-stop               : f/2.4
Exposure program     : 2
Exposure mode        : 0
ISO speed            : 80
Flash used?          : 0
Flash returned light : 0
Flash mode           : 2
Metering mode        : 5
Lens focal length    : 4.280000 mm
35mm focal length    : 35 mm
GPS Latitude         : 37.814667 deg (37.000000 deg, 48.880000 min, 0.000000 sec N)
GPS Longitude        : -122.264167 deg (122.000000 deg, 15.850000 min, 0.000000 sec W)
GPS Altitude         : 2.000000 m
